// Jest Snapshot v1, https://goo.gl/fbAQLP

exports[`CameraWrapper should render 1`] = `
<div
  className="sc-bdVaJa hgRUri"
/>
`;
