// Jest Snapshot v1, https://goo.gl/fbAQLP

exports[`HiddenCanvas should render 1`] = `
<div
  className="sc-bdVaJa fGYvF"
/>
`;
